src/components/pdf/OrcamentoDocument.tsx(170,52): error TS2551: Property 'baseReferencia' does not exist on type '{ nomeProfissional: string; registroCrea: string; nomeObra: string; cliente: string; documentoCliente: string; basesReferencia: string[]; isDesonerado: boolean; descricaoObra?: string | undefined; mesReferencia?: string | undefined; }'. Did you mean 'basesReferencia'?
